<html>
<body>
<pre>
<h1>µVision Build Log</h1>
<h2>Project:</h2>
C:\Users\user\Desktop\Micro_TIVA_ARM\UART&&GPIO\prj4_uart.uvproj
Project File Date:  03/25/2019

<h2>Output:</h2>
Build target 'prj4_uart'
compiling main.c...
main.c(58): warning:  #1-D: last line of file ends without a newline
  }
main.c: 1 warning, 0 errors
linking...
Program Size: Code=1268 RO-data=636 RW-data=0 ZI-data=608  
".\prj4_uart.axf" - 0 Error(s), 1 Warning(s).
Load "C:\\Users\\user\\Desktop\\Micro_TIVA_ARM\\UART&&GPIO\\prj4_uart.axf" 
Connecting: Mode=JTAG, Speed=1000000Hz
Erase Done.
Programming Done.
Verify OK.
</pre>
</body>
</html>
