<html>
<body>
<pre>
<h1>µVision Build Log</h1>
<h2>Project:</h2>
C:\Users\user\Desktop\Micro_TIVA_ARM\GPIO&&SYSTICK\SYSTICK_PROJECT.uvproj
Project File Date:  05/30/2019

<h2>Output:</h2>
Build target 'Target 1'
compiling main.c...
main.c(72): warning:  #1-D: last line of file ends without a newline
  }
main.c: 1 warning, 0 errors
linking...
Program Size: Code=812 RO-data=636 RW-data=0 ZI-data=608  
".\SYSTICK_PROJECT.axf" - 0 Error(s), 1 Warning(s).
Load "C:\\Users\\user\\Desktop\\Micro_TIVA_ARM\\GPIO&&SYSTICK\\SYSTICK_PROJECT.axf" 
Connecting: Mode=JTAG, Speed=1000000Hz
Connection failed!, error code=&d
Error: Flash Download failed  -  Target DLL has been cancelled
Load "C:\\Users\\user\\Desktop\\Micro_TIVA_ARM\\GPIO&&SYSTICK\\SYSTICK_PROJECT.axf" 
Connecting: Mode=JTAG, Speed=1000000Hz
Erase Done.
Programming Done.
Verify OK.
</pre>
</body>
</html>
