<html>
<body>
<pre>
<h1>µVision Build Log</h1>
<h2>Project:</h2>
C:\Users\user\Desktop\Micro_TIVA_ARM\INTERRUPT&&SYSTICK\INTERRUPT.uvproj
Project File Date:  05/30/2019

<h2>Output:</h2>
Build target 'Target 1'
compiling main.c...
main.c(82): warning:  #1-D: last line of file ends without a newline
  }
main.c: 1 warning, 0 errors
linking...
Program Size: Code=996 RO-data=652 RW-data=8 ZI-data=608  
".\INTERRUPT.axf" - 0 Error(s), 1 Warning(s).
Load "C:\\Users\\user\\Desktop\\Micro_TIVA_ARM\\INTERRUPT&&SYSTICK\\INTERRUPT.axf" 
Connecting: Mode=JTAG, Speed=1000000Hz
Erase Done.
Programming Done.
Verify OK.
</pre>
</body>
</html>
gramming Done.
Verify OK.
UPT&&SYSTICK\\INTERRUPT.axf" 
Connecting: Mode=JTAG, Speed=1000000Hz
Erase Done.
Programming Done.
Verify OK.
