<html>
<body>
<pre>
<h1>µVision Build Log</h1>
<h2>Project:</h2>
C:\Users\user\Desktop\Micro_TIVA_ARM\Timer3\Timer_project.uvproj
Project File Date:  05/31/2019

<h2>Output:</h2>
Build target 'Target 1'
compiling main.c...
linking...
Program Size: Code=856 RO-data=652 RW-data=4 ZI-data=612  
".\Timer_project.axf" - 0 Error(s), 0 Warning(s).
Load "C:\\Users\\user\\Desktop\\Micro_TIVA_ARM\\Timer3\\Timer_project.axf" 
Connecting: Mode=JTAG, Speed=1000000Hz
Erase Done.
Programming Done.
Verify OK.
</pre>
</body>
</html>
c(74): warning:  #1-D: last line of file ends without a newline
  }
main.c: 4 warnings, 0 errors
linking...
Program Size: Code=748 RO-data=636 RW-data=0 ZI-data=608  
".\Timer_project.axf" - 0 Error(s), 4 Warning(s).
Load "C:\\Users\\user\\Desktop\\Micro_TIVA_ARM\\Timer3\\Timer_project.axf" 
Connecting: Mode=JTAG, Speed=1000000Hz
Erase Done.
Programming Done.
Verify OK.
ARM\\Timer3\\Timer_project.axf" 
_____^
*** error 56: cannot open file
Error: Flash Download failed  -  Could not load file 'C:\Users\user\Desktop\Micro_TIVA_ARM\Timer3\Timer_project.axf'
Load "C:\\Users\\user\\Desktop\\Micro_TIVA_ARM\\Timer3\\Timer_project.axf" 
_____^
*** error 56: cannot open file
Error: Flash Download failed  -  Could not load file 'C:\Users\user\Desktop\Micro_TIVA_ARM\Timer3\Timer_project.axf'
